^http.{3,15}\.nflximg(\.com|\.net)\/.*\/[0-9]+(\.webp|\.jpg)$
#Netflix Video
198\.38\.(9[6-9]|1[0-2][0-9])\.[0-9]{1,3}\/range\/[0-9]+-[0-9]+\?.*watchid=[0-9]+
108\.175\.(3[2-9]|4[0-9])\.[0-9]{1,3}\/range\/[0-9]+-[0-9]+\?.*watchid=[0-9]+
^http.{3,4}secure\.netflix\.com\/.*\/html\/wwwplayer-2\.0000\.2[0-9]{2}\.011\.js\?.*watchid=[0-9]+
^http.{3,4}secure\.netflix\.com\/.*\/html\/wwwplayer-2\.0000\.2[0-9]{2}\.011\.js$
^http.{3,4}www\.netflix\.com\/watch\/[0-9]+(\?.*|$)
########
^http.{3,4}install\.avira-update\.com\/package\/((\w|\_|-)*\/){3}(\w|\_|-)*(\.exe)$
^http.{3,4}download\.bitdefender\.com\/((\w|\_|-)*\/){7}(\w|\_|-)*(\.exe)$
^http.{3,10}patches.{1,40}\.bitdefender\.net\/.*\/patches\/.*(\.gzip|\.zip)$
^http.{1,15}\.4shared\.com.*(\.exe|\.iso|\.torrent|\.zip|\.rar|\.pdf|\.doc|\.tar|\.mp3|\.mp4|\.avi|\.wmv|\.mpg)
http.*\.googlevideo\.com.*videoplayback\?
^http.{1,40}\.youtube\.com\/(videoplayback\?|watch\?.*v=)
^http.{1,4}\w*\.ytimg\.com.*((hq|mq)default(\.jpg|\.mp4)$|M[0-9]+\.jpg\?sigh=)
^http.{1,4}\w*google(\.\w|\w)*\.doubleclick\.net\/pagead\/ads\?.*
^http.{1,4}\w*\.doubleclick\.net\/\w*\/pfadx\/.*main.*;.*
^http.{1,8}(page|image)\.issuu\.com\/.*(swf|jpg)\/page.*(\.swf|\.jpg|\.png)$
^http.{3,20}\.dailymotion\.com\/sec\(\w*\)\/frag\([0-9]*\)\/.*(\.flv)$
http.*\.avast\.com.*(\.def|\.vpu|\.vpaa|\.stamp)
http.*(\.avg\.com|\.grisoft\.com|\.grisoft\.cz).*(\.bin|\.exe)
^http.{1,10}\.bp\.blogspot\.com\/.*(\.jpg|\.mp4|\.flv|\.swf)$
http.*(\.avgate\.com|\.avgate\.net|\.freeav\.net|\.freeav\.com).*(\.gz)
http.*\.bitgravity\.com.*(\.flv\.mp4)
http.*\.etrustdownloads\.ca\.com.*(\.tar|\.zip|\.exe|\.pkg)
http.*(flashvideo|voddownload)\.globo\.com.*(\.mp4|\.flv)(\?|\&|\w|\.|=)*$
http.{1,4}vsh\.r7\.com\/.*(\.mp4)$
74\.125\.(25[0-5]|2[0-4][0-9]|[01]?[0-9][0-9]?)\.(25[0-5]|2[0-4][0-9]|[01]?[0-9][0-9]?)
http.*\.metacafe\.com.*\.flv
http.*(\.windowsupdate\.com|(update|download|dlservice|windowsupdate)\.microsoft\.com)\/.*(\.cab|\.exe|\.iso|\.zip|\.psf|\.txt|\.crt)$
^http.{1,15}\.video.{0,5}\.porntube\.com\/default\/videos\/([0-9]\/){9}.*(\.mp4)
^http.{1,15}\.thumbnails.{0,5}\.porntube\.com\/([0-9]\/){9}[0-9]*x[0-9]*\/[0-9]+(\.jpeg|\.jpg)$
http.*\.terra\.com.*\.flv
http.*\.viddler\.com.*\.flv
http.*(content|videos|porn|img).*\.xvideos\.com\/videos\/(thumbs\/)?.*(\.jpg|\.flv\?.*|\.mp4\?.*)$
http.{1,4}media\w*\.justin.tv\/archives\/(\w|\/|-)*\.flv(\?.*|$)
http.{1,4}\w*juegos\w*\.juegosdiarios\.com\/(\w|\/|-)*\.swf$
http.{1,4}\w*\.juegosjuegos\.com\/games(\w|\/|-)*\.swf$
http.*\.ziddu\.com.*(\.exe|\.iso|\.torrent|\.zip|\.rar|\.pdf|\.doc|\.tar|\.mp3|\.mp4|\.avi|\.wmv)
http.*edgecastcdn\.net/.*(\.mp4|\.flv)
http.*adobe\.com/.*(\.cab|\.aup|\.exe|\.msi|\.upd|\.msp)
http.*\.eset\.com.*\.nup
http.*\.nai\.com.*(\.zip|\.tar|\.exe|\.gem)
http.*\.pop6\.com.*(\.flv)
http.*\.symantecliveupdate\.com.*(\.zip|\.exe)
http.{1,15}\.submanga\.com\/(hd)?pages\/.*(\.jpg|\.webp)$
#http.*((profile|s?photos|video).{0,5}\.ak\.)?fbcdn.{0,10}(s?photos|videos)?(.{0,10}akamai)?.{0,10}\.net\/.*(\.mp4\?.*|\_n\.jpg$|\.mp4$|\_n\.png$) 
#http.*(profile|s?photos|video).{0,5}\.ak\.fbcdn\.net\/.*(\.mp4\?.*|\_n\.jpg$|\.mp4$|\_n\.png$)
^http.{1,8}(\w|\.)*\.rncdn3\.com\/.?videos\/([0-9]*\/){3}.*(\.mp4|\.flv)
^http.{1,20}\.image\.pornhub\.phncdn\.com\/videos\/.*\/[0-9]*\/timeline\/[0-9]*x[0-9]*\/\w*(\.jpg)$
http.*\.(publicvideo|publicphoto)\.xtube\.com\/(videowall\/)?videos?\/.*(\.flv\?.*|\_Thumb\.flv$)
#http.*public\.tube8\.com\/.*\.mp4.*
^http.{1,20}\.tube8\.phncdn\.com\/.*(timeline\/[0-9]*x[0-9]*\/\w*\.jpg$|(\.mp4|\.flv))
^http.{1,10}vid(eos)?\..*\.redtubefiles\.com\/.*(\.flv|\.mp4)
(205\.196\.|199\.91\.)[0-9]{2,3}\.[0-9]{1,3}\/.*\.[a-zA-Z]{1,7}$
^http.{1,4}(\w|\.|-)*\.vimeo(cdn)?.com\/.*\.mp4(\?.*)?$
#http.*images\.orkut\.com\/orkut\/photos\/.*\.jpg$
http.{1,4}(\w|\/|\.|-)*media\.tumblr\.com\/(\w|\/|-|\.)*tumblr(\w|\/|-)*(\.png|\.jpg)$
^http.{1,4}[0-9]{2,3}\.[0-9]{2,3}\.[0-9]{2,3}\.[0-9]{2,3}\/youku\/.*\.flv$
^http.{1,4}c\.wrzuta\.pl\/w[vmh]\w{1,7}\/\w*(\?f=t)?$
^http.{1,4}avideos\.5min\.com\/(\w|\/)*\/\w*\_\w*\.mp4.*
^http.{1,4}\w*\.cloudfront\.net\/(\w|\/|\.|-|\_)+\/recoded\_videos\/.*\.\w*.webm$
http.{1,7}speedtest(\w|-)*(\.|\w)+\/speedtest\/(random.*\.jpg|latency\.txt)\?.*
http.{1,10}testdevelocidad.{1,5}\/speedtest\/(random.*\.jpg|latency\.txt)\?.*
http.{1,7}(\.|[a-z]|[0-9]|-)+(\/\w+)?(\/speedtest)+\/(random[0-9]+x[0-9]+\.jpg|latency\.txt)
^http.{3,35}\.turner\.com.*\.mp3
^http.{3,35}\.cloudfront\.net.*(\.jpg|\.png|\.gif|\.swf|\.mp3)
^http.{3,35}gooveo\.me.*(\.swf|\.mp3)
^http.{3,35}\.appspot\.com.*(\.jpg|\.png|\.swf|\.mp3)
^http.{3,35}\.serviporno\.com.*(\.flv|\.mp4|\.jpg)
^http.{3,35}vevos\.biz.*(\.swf|\.mp3)
^http.{3,35}\.zgncdn\.com.*(\.swf|\.mp3|\.png|\.jpg)
^http.{3,35}\.tetrisfb\.com.*(\.swf|\.mp3|\.png|\.jpg)
^http.{3,35}\.friv\.com.*(\.swf|\.jpg|\.png)
^http.{3,35}domusicas\.com.*(\.swf|\.mp3)
^http.{3,35}\.akamaihd\.net.*(\.jpg|\.png|\.swf|\.mp3)
^http.{3,35}\.wooga\.com.*(\.jpg|\.png|\.swf|\.mp3)
^http.{3,35}bullafina\.biz.*(\.swf|\.mp3)
^http.{3,35}\.llnwd\.net.*(\.jpg|\.png|\.swf|\.mp3)
^http.{3,35}\.sonicomusica\.com.*(\.sm3|\.jpg)
^http.{3,35}musicaveo\.biz.*(\.swf|\.mp3)
^http.{3,35}\.hulkshare\.com.*\.mp3
^http.{3,35}\.nofeehost\.com.*\.mp3
^http.{3,35}\.nordeus\.com.*(\.swf|\.mp3|\.png|\.jpg)
^http.{3,35}\.netpocket\.org.*(\.jpg|\.png|\.swf|\.mp3)
^http.{3,35}\.popcap\.com.*(\.jpg|\.png|\.gif|\.swf\.js|\.mp3)
^http.{3,35}\.dungeonbusters\.com.*(\.jpg|\.png|\.swf|\.mp3)
^http.{3,35}\.imageshack\.us.*(\.jpg|\.png)
^http.{3,35}imageshack\.us.*(\.jpg|\.png)
^http.{3,35}\.mlstatic\.com.*(\.jpg|\.png)
^http.{3,35}\.amazonaws\.com.*(\.jpg|\.png|\.gif|\.swf|\.js|\.mp3)
^http.{3,35}\.maguinamotors\.com.*\.mp3
^http.{3,35}\.miniclip\.com.*(\.jpg|\.png|\.swf|\.mp3)
^http.{3,35}gooveo\.biz.*(\.swf|\.mp3)
^http.{3,35}musicaveo\.info.*(\.swf|\.mp3)
^http.{3,35}\.vostucdn\.com.*(\.jpg|\.png|\.swf|\.mp3)
^http.{3,35}bomusica\.biz.*(\.swf|\.mp3)
^http.{3,35}manabar\.ca.*\.mp3
^http.{3,35}goobeo\.com.*(\.swf|\.mp3)
^http.{3,35}gooveo\.info.*(\.swf|\.mp3)
^http.{3,35}domusica\.me.*(\.swf|\.mp3)
^http.{3,35}\.coqui\.net.*\.mp3
^http.{3,35}\.disneylatino\.com.*(\.jpg|\.swf|\.gif)
^http.{3,35}\.mp3-buscador\.com.*\.mp3
^http.{3,35}\.ning\.com.*\.mp3
^http.{3,35}bomusicas\.com.*(\.swf|\.mp3)
^http.{3,35}molenillo\.com.*\.mp3
^http.{3,35}bomusica\.info.*(\.swf|\.mp3)
^http.{3,35}\.socialpointgames\.com.*(\.jpg|\.png|\.swf|\.mp3)
^http.{3,35}\.geewa\.net.*(\.jpg|\.png|\.swf|\.mp3)
^http.{3,35}bullafina\.me.*(\.swf|\.mp3)
^http.{3,35}\.kixeye\.com.*(\.swf|\.mp3|\.png|\.jpg)
^http.{3,35}\.modovideo\.com.*(\.flv|\.mp4)
^http.{3,35}cutmu\.net.*(\.swf|\.mp3)
^http.{3,35}\.telaxo\.com.*(\.jpg|\.png|\.gif|\.swf|\.js|\.mp3)
